
  .   ____          _            __ _ _
 /\\ / ___'_ __ _ _(_)_ __  __ _ \ \ \ \
( ( )\___ | '_ | '_| | '_ \/ _` | \ \ \ \
 \\/  ___)| |_)| | | | | || (_| |  ) ) ) )
  '  |____| .__|_| |_|_| |_\__, | / / / /
 =========|_|==============|___/=/_/_/_/

 :: Spring Boot ::                (v4.1.1)

2026-09-10T01:59:09.592+05:30  INFO 49198 --- [synora-backend] [           main] com.synora.backend.BackendApplication    : Starting BackendApplication v0.0.1-SNAPSHOT using Java 26.0.2 with PID 49198 (/Users/tumusandeep/Documents/synora /backend/target/backend-0.0.1-SNAPSHOT.jar started by tumusandeep in /Users/tumusandeep/Documents/synora /backend)
2026-09-10T01:59:09.594+05:30  INFO 49198 --- [synora-backend] [           main] com.synora.backend.BackendApplication    : No active profile set, falling back to 1 default profile: "default"
2026-09-10T01:59:10.402+05:30  INFO 49198 --- [synora-backend] [           main] .s.d.r.c.RepositoryConfigurationDelegate : Bootstrapping Spring Data JPA repositories in DEFAULT mode.
2026-09-10T01:59:10.452+05:30  INFO 49198 --- [synora-backend] [           main] .s.d.r.c.RepositoryConfigurationDelegate : Finished Spring Data repository scanning in 44 ms. Found 18 JPA repository interfaces.
2026-09-10T01:59:11.029+05:30  INFO 49198 --- [synora-backend] [           main] o.s.boot.tomcat.TomcatWebServer          : Tomcat initialized with port 8080 (http)
2026-09-10T01:59:11.044+05:30  INFO 49198 --- [synora-backend] [           main] o.apache.catalina.core.StandardService   : Starting service [Tomcat]
2026-09-10T01:59:11.044+05:30  INFO 49198 --- [synora-backend] [           main] o.apache.catalina.core.StandardEngine    : Starting Servlet engine: [Apache Tomcat/11.0.24]
2026-09-10T01:59:11.064+05:30  INFO 49198 --- [synora-backend] [           main] b.w.c.s.WebApplicationContextInitializer : Root WebApplicationContext: initialization completed in 1423 ms
2026-09-10T01:59:11.280+05:30  INFO 49198 --- [synora-backend] [           main] org.hibernate.orm.jpa                    : HHH008540: Processing PersistenceUnitInfo [name: default]
2026-09-10T01:59:11.344+05:30  INFO 49198 --- [synora-backend] [           main] org.hibernate.orm.core                   : HHH000001: Hibernate ORM core version 7.4.5.Final
2026-09-10T01:59:11.775+05:30  INFO 49198 --- [synora-backend] [           main] o.s.o.j.p.SpringPersistenceUnitInfo      : No LoadTimeWeaver setup: ignoring JPA class transformer
2026-09-10T01:59:11.799+05:30  INFO 49198 --- [synora-backend] [           main] com.zaxxer.hikari.HikariDataSource       : HikariPool-1 - Starting...
2026-09-10T01:59:11.885+05:30  INFO 49198 --- [synora-backend] [           main] com.zaxxer.hikari.pool.HikariPool        : HikariPool-1 - Added connection org.postgresql.jdbc.PgConnection@4790b897
2026-09-10T01:59:11.886+05:30  INFO 49198 --- [synora-backend] [           main] com.zaxxer.hikari.HikariDataSource       : HikariPool-1 - Start completed.
2026-09-10T01:59:11.964+05:30  INFO 49198 --- [synora-backend] [           main] org.hibernate.orm.connections.pooling    : HHH10001005: Database info:
	Database JDBC URL [jdbc:postgresql://localhost:5432/synora]
	Database driver: PostgreSQL JDBC Driver
	Database dialect: PostgreSQLDialect
	Database version: 17.11
	Default catalog/schema: synora/public
	Autocommit mode: undefined/unknown
	Isolation level: READ_COMMITTED [default READ_COMMITTED]
	JDBC fetch size: none
	Pool: DataSourceConnectionProvider
	Minimum pool size: undefined/unknown
	Maximum pool size: undefined/unknown
2026-09-10T01:59:12.764+05:30  INFO 49198 --- [synora-backend] [           main] org.hibernate.orm.core                   : HHH000489: No JTA platform available (set 'hibernate.transaction.jta.platform' to enable JTA platform integration)
2026-09-10T01:59:12.854+05:30  INFO 49198 --- [synora-backend] [           main] j.LocalContainerEntityManagerFactoryBean : Initialized JPA EntityManagerFactory for persistence unit 'default'
2026-09-10T01:59:12.911+05:30  INFO 49198 --- [synora-backend] [           main] o.s.d.j.r.query.QueryEnhancerFactories   : Hibernate is in classpath; If applicable, HQL parser will be used.
