[INFO] Scanning for projects...
[INFO] 
[INFO] -------------------------< com.synora:backend >-------------------------
[INFO] Building  0.0.1-SNAPSHOT
[INFO]   from pom.xml
[INFO] --------------------------------[ jar ]---------------------------------
[INFO] 
[INFO] >>> spring-boot:4.1.1:run (default-cli) > test-compile @ backend >>>
[INFO] 
[INFO] --- resources:3.5.0:resources (default-resources) @ backend ---
[INFO] Copying 1 resource from src/main/resources to target/classes
[INFO] Copying 0 resource from src/main/resources to target/classes
[INFO] 
[INFO] --- compiler:3.15.0:compile (default-compile) @ backend ---
[INFO] Nothing to compile - all classes are up to date.
[INFO] 
[INFO] --- resources:3.5.0:testResources (default-testResources) @ backend ---
[INFO] skip non existing resourceDirectory /Users/tumusandeep/Documents/synora /backend/src/test/resources
[INFO] 
[INFO] --- compiler:3.15.0:testCompile (default-testCompile) @ backend ---
[INFO] Nothing to compile - all classes are up to date.
[INFO] 
[INFO] <<< spring-boot:4.1.1:run (default-cli) < test-compile @ backend <<<
[INFO] 
[INFO] 
[INFO] --- spring-boot:4.1.1:run (default-cli) @ backend ---
[INFO] Attaching agents: []

  .   ____          _            __ _ _
 /\\ / ___'_ __ _ _(_)_ __  __ _ \ \ \ \
( ( )\___ | '_ | '_| | '_ \/ _` | \ \ \ \
 \\/  ___)| |_)| | | | | || (_| |  ) ) ) )
  '  |____| .__|_| |_|_| |_\__, | / / / /
 =========|_|==============|___/=/_/_/_/

 :: Spring Boot ::                (v4.1.1)

2026-09-10T08:39:04.412+05:30  INFO 17284 --- [synora-backend] [  restartedMain] com.synora.backend.BackendApplication    : Starting BackendApplication using Java 26.0.2 with PID 17284 (/Users/tumusandeep/Documents/synora /backend/target/classes started by tumusandeep in /Users/tumusandeep/Documents/synora /backend)
2026-09-10T08:39:04.414+05:30  INFO 17284 --- [synora-backend] [  restartedMain] com.synora.backend.BackendApplication    : No active profile set, falling back to 1 default profile: "default"
2026-09-10T08:39:04.457+05:30  INFO 17284 --- [synora-backend] [  restartedMain] .e.DevToolsPropertyDefaultsPostProcessor : Devtools property defaults active! Set 'spring.devtools.add-properties' to 'false' to disable
2026-09-10T08:39:04.458+05:30  INFO 17284 --- [synora-backend] [  restartedMain] .e.DevToolsPropertyDefaultsPostProcessor : For additional web related logging consider setting the 'logging.level.web' property to 'DEBUG'
2026-09-10T08:39:05.055+05:30  INFO 17284 --- [synora-backend] [  restartedMain] .s.d.r.c.RepositoryConfigurationDelegate : Bootstrapping Spring Data JPA repositories in DEFAULT mode.
2026-09-10T08:39:05.090+05:30  INFO 17284 --- [synora-backend] [  restartedMain] .s.d.r.c.RepositoryConfigurationDelegate : Finished Spring Data repository scanning in 31 ms. Found 18 JPA repository interfaces.
2026-09-10T08:39:05.479+05:30  INFO 17284 --- [synora-backend] [  restartedMain] o.s.boot.tomcat.TomcatWebServer          : Tomcat initialized with port 8080 (http)
2026-09-10T08:39:05.488+05:30  INFO 17284 --- [synora-backend] [  restartedMain] o.apache.catalina.core.StandardService   : Starting service [Tomcat]
2026-09-10T08:39:05.488+05:30  INFO 17284 --- [synora-backend] [  restartedMain] o.apache.catalina.core.StandardEngine    : Starting Servlet engine: [Apache Tomcat/11.0.24]
2026-09-10T08:39:05.504+05:30  INFO 17284 --- [synora-backend] [  restartedMain] b.w.c.s.WebApplicationContextInitializer : Root WebApplicationContext: initialization completed in 1046 ms
2026-09-10T08:39:05.627+05:30  INFO 17284 --- [synora-backend] [  restartedMain] org.hibernate.orm.jpa                    : HHH008540: Processing PersistenceUnitInfo [name: default]
2026-09-10T08:39:05.673+05:30  INFO 17284 --- [synora-backend] [  restartedMain] org.hibernate.orm.core                   : HHH000001: Hibernate ORM core version 7.4.5.Final
2026-09-10T08:39:05.948+05:30  INFO 17284 --- [synora-backend] [  restartedMain] o.s.o.j.p.SpringPersistenceUnitInfo      : No LoadTimeWeaver setup: ignoring JPA class transformer
2026-09-10T08:39:05.965+05:30  INFO 17284 --- [synora-backend] [  restartedMain] com.zaxxer.hikari.HikariDataSource       : HikariPool-1 - Starting...
2026-09-10T08:39:06.070+05:30  INFO 17284 --- [synora-backend] [  restartedMain] com.zaxxer.hikari.pool.HikariPool        : HikariPool-1 - Added connection org.postgresql.jdbc.PgConnection@217cc85e
2026-09-10T08:39:06.071+05:30  INFO 17284 --- [synora-backend] [  restartedMain] com.zaxxer.hikari.HikariDataSource       : HikariPool-1 - Start completed.
2026-09-10T08:39:06.192+05:30  INFO 17284 --- [synora-backend] [  restartedMain] org.hibernate.orm.connections.pooling    : HHH10001005: Database info:
	Database JDBC URL [jdbc:postgresql://localhost:5432/synora]
	Database driver: PostgreSQL JDBC Driver
	Database dialect: PostgreSQLDialect
	Database version: 17.11
	Default catalog/schema: synora/public
	Autocommit mode: undefined/unknown
	Isolation level: READ_COMMITTED [default READ_COMMITTED]
	JDBC fetch size: none
	Pool: DataSourceConnectionProvider
	Minimum pool size: undefined/unknown
	Maximum pool size: undefined/unknown
2026-09-10T08:39:06.918+05:30  INFO 17284 --- [synora-backend] [  restartedMain] org.hibernate.orm.core                   : HHH000489: No JTA platform available (set 'hibernate.transaction.jta.platform' to enable JTA platform integration)
2026-09-10T08:39:07.292+05:30  INFO 17284 --- [synora-backend] [  restartedMain] j.LocalContainerEntityManagerFactoryBean : Initialized JPA EntityManagerFactory for persistence unit 'default'
2026-09-10T08:39:07.350+05:30  INFO 17284 --- [synora-backend] [  restartedMain] o.s.d.j.r.query.QueryEnhancerFactories   : Hibernate is in classpath; If applicable, HQL parser will be used.
2026-09-10T08:39:08.619+05:30  WARN 17284 --- [synora-backend] [  restartedMain] .s.a.UserDetailsServiceAutoConfiguration : 

Using generated security password: d0df53ee-a263-453a-a087-b11b794f25d0

This generated password is for development use only. Your security configuration must be updated before running your application in production.

2026-09-10T08:39:09.131+05:30  INFO 17284 --- [synora-backend] [  restartedMain] o.s.b.a.e.web.EndpointLinksResolver      : Exposing 1 endpoint beneath base path '/actuator'
2026-09-10T08:39:09.204+05:30  INFO 17284 --- [synora-backend] [  restartedMain] o.s.boot.tomcat.TomcatWebServer          : Tomcat started on port 8080 (http) with context path '/'
2026-09-10T08:39:09.210+05:30  INFO 17284 --- [synora-backend] [  restartedMain] com.synora.backend.BackendApplication    : Started BackendApplication in 5.002 seconds (process running for 5.224)
2026-09-10T08:39:10.041+05:30  INFO 17284 --- [synora-backend] [nio-8080-exec-1] o.a.c.c.C.[Tomcat].[localhost].[/]       : Initializing Spring DispatcherServlet 'dispatcherServlet'
2026-09-10T08:39:10.042+05:30  INFO 17284 --- [synora-backend] [nio-8080-exec-1] o.s.web.servlet.DispatcherServlet        : Initializing Servlet 'dispatcherServlet'
2026-09-10T08:39:10.044+05:30  INFO 17284 --- [synora-backend] [nio-8080-exec-1] o.s.web.servlet.DispatcherServlet        : Completed initialization in 2 ms
